Test run for C:\Users\baidakov\rca-plugin\tests\Rca.Contracts.Tests\bin\Debug\net8.0-windows\Rca.Contracts.Tests.dll (.NETCoreApp,Version=v8.0)
Test run for C:\Users\baidakov\rca-plugin\tests\Rca.Core.Tests\bin\Debug\net8.0-windows\Rca.Core.Tests.dll (.NETCoreApp,Version=v8.0)
Test run for C:\Users\baidakov\rca-plugin\tests\Rca.Network.Tests\bin\Debug\net8.0-windows\Rca.Network.Tests.dll (.NETCoreApp,Version=v8.0)
VSTest version 17.14.1 (arm64)
Test run for C:\Users\baidakov\rca-plugin\tests\Rca.Integration.Revit.Tests\bin\Debug\net8.0-windows\Rca.Integration.Revit.Tests.dll (.NETCoreApp,Version=v8.0)

VSTest version 17.14.1 (arm64)

VSTest version 17.14.1 (arm64)

VSTest version 17.14.1 (arm64)

Starting test execution, please wait...
A total of 1 test files matched the specified pattern.
Starting test execution, please wait...
A total of 1 test files matched the specified pattern.
Starting test execution, please wait...
Starting test execution, please wait...
A total of 1 test files matched the specified pattern.
A total of 1 test files matched the specified pattern.
No test matches the given testcase filter `FullyQualifiedName~Rendering` in C:\Users\baidakov\rca-plugin\tests\Rca.Contracts.Tests\bin\Debug\net8.0-windows\Rca.Contracts.Tests.dll
No test matches the given testcase filter `FullyQualifiedName~Rendering` in C:\Users\baidakov\rca-plugin\tests\Rca.Core.Tests\bin\Debug\net8.0-windows\Rca.Core.Tests.dll
No test matches the given testcase filter `FullyQualifiedName~Rendering` in C:\Users\baidakov\rca-plugin\tests\Rca.Network.Tests\bin\Debug\net8.0-windows\Rca.Network.Tests.dll


Test run for C:\Users\baidakov\rca-plugin\tests\Rca.UI.Tests\bin\Debug\net8.0-windows\Rca.UI.Tests.dll (.NETCoreApp,Version=v8.0)

VSTest version 17.14.1 (arm64)

Test run for C:\Users\baidakov\rca-plugin\tests\Rca.Loader.Tests\bin\Debug\net8.0-windows\Rca.Loader.Tests.dll (.NETCoreApp,Version=v8.0)
Test run for C:\Users\baidakov\rca-plugin\tests\Rca.MetricsReporter.Tests\bin\Debug\net8.0-windows\Rca.MetricsReporter.Tests.dll (.NETCoreApp,Version=v8.0)
VSTest version 17.14.1 (arm64)

Starting test execution, please wait...
A total of 1 test files matched the specified pattern.
VSTest version 17.14.1 (arm64)

Starting test execution, please wait...
A total of 1 test files matched the specified pattern.
Starting test execution, please wait...
A total of 1 test files matched the specified pattern.
No test matches the given testcase filter `FullyQualifiedName~Rendering` in C:\Users\baidakov\rca-plugin\tests\Rca.UI.Tests\bin\Debug\net8.0-windows\Rca.UI.Tests.dll

No test matches the given testcase filter `FullyQualifiedName~Rendering` in C:\Users\baidakov\rca-plugin\tests\Rca.Loader.Tests\bin\Debug\net8.0-windows\Rca.Loader.Tests.dll
Test run for C:\Users\baidakov\rca-plugin\tests\Rca.BuildMetadata.Generator.Tests\bin\Debug\net8.0-windows\Rca.BuildMetadata.Generator.Tests.dll (.NETCoreApp,Version=v8.0)

VSTest version 17.14.1 (arm64)

Starting test execution, please wait...
A total of 1 test files matched the specified pattern.
  Failed BuildDataAttribute_WithHtmlInJustification_EscapesHtml [58 ms]
  Error Message:
   Expected result " data-suppression-info="{&quot;ruleId&quot;:&quot;CA1506&quot;,&quot;justification&quot;:&quot;This is &lt;script&gt;alert(&#39;xss&#39;)&lt;/script&gt; dangerous&quot;}"" to contain "&lt;script&gt;".
  Stack Trace:
     at FluentAssertions.Execution.LateBoundTestFramework.Throw(String message)
   at FluentAssertions.Execution.TestFrameworkProvider.Throw(String message)
   at FluentAssertions.Execution.DefaultAssertionStrategy.HandleFailure(String message)
   at FluentAssertions.Execution.AssertionScope.FailWith(Func`1 failReasonFunc)
   at FluentAssertions.Execution.AssertionScope.FailWith(Func`1 failReasonFunc)
   at FluentAssertions.Execution.AssertionScope.FailWith(String message, Object[] args)
   at FluentAssertions.Primitives.StringAssertions`1.Contain(String expected, String because, Object[] becauseArgs)
   at Rca.MetricsReporter.Tests.Rendering.SuppressionAttributeBuilderTests.BuildDataAttribute_WithHtmlInJustification_EscapesHtml() in C:\Users\baidakov\rca-plugin\tests\Rca.MetricsReporter.Tests\Rendering\SuppressionAttributeBuilderTests.cs:line 165


  Failed BuildDataAttribute_WithMultipleParagraphs_JoinsWithBrTags [7 ms]
  Error Message:
   Expected brCount to be 2, but found 0 (difference of -2).
  Stack Trace:
     at FluentAssertions.Execution.LateBoundTestFramework.Throw(String message)
   at FluentAssertions.Execution.TestFrameworkProvider.Throw(String message)
   at FluentAssertions.Execution.DefaultAssertionStrategy.HandleFailure(String message)
   at FluentAssertions.Execution.AssertionScope.FailWith(Func`1 failReasonFunc)
   at FluentAssertions.Execution.AssertionScope.FailWith(Func`1 failReasonFunc)
   at FluentAssertions.Execution.AssertionScope.FailWith(String message, Object[] args)
   at FluentAssertions.Numeric.NumericAssertions`2.Be(T expected, String because, Object[] becauseArgs)
   at Rca.MetricsReporter.Tests.Rendering.SuppressionAttributeBuilderTests.BuildDataAttribute_WithMultipleParagraphs_JoinsWithBrTags() in C:\Users\baidakov\rca-plugin\tests\Rca.MetricsReporter.Tests\Rendering\SuppressionAttributeBuilderTests.cs:line 210


  Failed BuildDataAttribute_WithParagraphBreaks_PreservesParagraphs [3 ms]
  Error Message:
   Expected result " data-suppression-info="{&quot;ruleId&quot;:&quot;CA1506&quot;,&quot;justification&quot;:&quot;First paragraph.<br/><br/>Second paragraph.&quot;}"" to contain "&lt;br/&gt;&lt;br/&gt;".
  Stack Trace:
     at FluentAssertions.Execution.LateBoundTestFramework.Throw(String message)
   at FluentAssertions.Execution.TestFrameworkProvider.Throw(String message)
   at FluentAssertions.Execution.DefaultAssertionStrategy.HandleFailure(String message)
   at FluentAssertions.Execution.AssertionScope.FailWith(Func`1 failReasonFunc)
   at FluentAssertions.Execution.AssertionScope.FailWith(Func`1 failReasonFunc)
   at FluentAssertions.Execution.AssertionScope.FailWith(String message, Object[] args)
   at FluentAssertions.Primitives.StringAssertions`1.Contain(String expected, String because, Object[] becauseArgs)
   at Rca.MetricsReporter.Tests.Rendering.SuppressionAttributeBuilderTests.BuildDataAttribute_WithParagraphBreaks_PreservesParagraphs() in C:\Users\baidakov\rca-plugin\tests\Rca.MetricsReporter.Tests\Rendering\SuppressionAttributeBuilderTests.cs:line 122


  Failed BuildDataAttribute_WithUnixLineBreaks_PreservesParagraphs [4 ms]
  Error Message:
   Expected result " data-suppression-info="{&quot;ruleId&quot;:&quot;CA1506&quot;,&quot;justification&quot;:&quot;First paragraph.<br/><br/>Second paragraph.&quot;}"" to contain "&lt;br/&gt;&lt;br/&gt;".
  Stack Trace:
     at FluentAssertions.Execution.LateBoundTestFramework.Throw(String message)
   at FluentAssertions.Execution.TestFrameworkProvider.Throw(String message)
   at FluentAssertions.Execution.DefaultAssertionStrategy.HandleFailure(String message)
   at FluentAssertions.Execution.AssertionScope.FailWith(Func`1 failReasonFunc)
   at FluentAssertions.Execution.AssertionScope.FailWith(Func`1 failReasonFunc)
   at FluentAssertions.Execution.AssertionScope.FailWith(String message, Object[] args)
   at FluentAssertions.Primitives.StringAssertions`1.Contain(String expected, String because, Object[] becauseArgs)
   at Rca.MetricsReporter.Tests.Rendering.SuppressionAttributeBuilderTests.BuildDataAttribute_WithUnixLineBreaks_PreservesParagraphs() in C:\Users\baidakov\rca-plugin\tests\Rca.MetricsReporter.Tests\Rendering\SuppressionAttributeBuilderTests.cs:line 144



Failed!  - Failed:     4, Passed:   161, Skipped:     0, Total:   165, Duration: 638 ms - Rca.MetricsReporter.Tests.dll (net8.0)
No test matches the given testcase filter `FullyQualifiedName~Rendering` in C:\Users\baidakov\rca-plugin\tests\Rca.BuildMetadata.Generator.Tests\bin\Debug\net8.0-windows\Rca.BuildMetadata.Generator.Tests.dll

RCA Test Adapter: Revit is not initialized. Revit integration tests will be skipped. Start Autodesk Revit with the RCA plugin loaded to enable these tests.
  Skipped GetLatestTempDllFolder_ShouldReturnValidPath
  Skipped CurrentInfo_LoaderComponents_ShouldHaveHashOrMissingMarker
  Skipped CurrentInfo_LoaderComponents_ShouldHavePathOrMissingMarker
  Skipped DetermineEventType_ShouldReturnCorrectEventTypes
  Skipped CurrentInfo_LastMSBuildSignal_ShouldHaveDefaultOrValidTime
  Skipped ProcessMsBuildSignal_WithValidPath_ShouldUpdateSignalInfo
  Skipped CurrentInfo_RuntimeAssembly_ShouldBeTracked
  Skipped CurrentInfo_LoadedRuntimeAssembly_ShouldBeTrackedSeparately
  Skipped LoaderApp_Instance_ShouldBeInitialized
  Skipped LoaderApp_UIApplication_ShouldMatchTestContext
  Skipped LoaderApp_RuntimeManager_ShouldBeInitialized
  Skipped LoaderApp_AssemblyStatusManager_ShouldBeInitialized
  Skipped LoaderApp_AssemblyStatusManager_ShouldHaveCurrentInfo
  Skipped LoaderApp_PanelHost_ShouldBeInitialized
  Skipped ExecuteSync_EmptyCode_ReturnsEmpty
  Skipped ExecuteSync_SimpleCode_ReturnsOutput
  Skipped ExecuteSync_RevitApiCode_AccessesRevitContext
  Skipped ExecuteAsync_SimpleCode_ReturnsOutput
  Skipped RevitVersion_MatchesExpected
  Skipped RuntimeManager_ShouldBeAccessibleFromLoaderApp
  Skipped IsRuntimeLoaded_ShouldReturnBooleanWithoutError
  Skipped CurrentRuntimePath_WhenRuntimeLoaded_ShouldBeValid
  Skipped CreateRuntimeDockableContent_ShouldAttemptCreation
  Skipped LoadSettings_ShouldLoadActualSettingsFile
  Skipped LoadSettings_ShouldCache_MultipleCalls
  Skipped LoadSettings_AfterClearCache_ShouldReload
  Skipped SettingsFilePath_ShouldReturnValidPath

Skipped! - Failed:     0, Passed:     0, Skipped:    27, Total:    27, Duration: 113 ms - Rca.Integration.Revit.Tests.dll (net8.0)
