<?xml version="1.0" encoding="utf-8"?>
<TestRun id="4817e052-594f-4e40-8652-048e2c0ce972" name="baidakov@ILYABAIDAKO49E4 2025-10-15 13:15:09" runUser="ILYABAIDAKO49E4\baidakov" xmlns="http://microsoft.com/schemas/VisualStudio/TeamTest/2010">
  <Times creation="2025-10-15T13:15:09.5409770+03:00" queuing="2025-10-15T13:15:09.5409772+03:00" start="2025-10-15T13:15:07.3469203+03:00" finish="2025-10-15T13:15:09.5440527+03:00" />
  <TestSettings name="default" id="c617c116-e084-443e-9f64-8cd46c8365fa">
    <Deployment runDeploymentRoot="baidakov_ILYABAIDAKO49E4_2025-10-15_13_15_09" />
  </TestSettings>
  <Results>
    <UnitTestResult executionId="3232013e-7a1e-4803-a3a7-7dc975e2be58" testId="d31d9354-aed0-236a-67d8-b3b2c5eb08cb" testName="Runtime_Assembly_Has_SourceHash_Metadata" computerName="ILYABAIDAKO49E4" duration="00:00:00.0622330" startTime="2025-10-15T13:15:09.3026746+03:00" endTime="2025-10-15T13:15:09.3649140+03:00" testType="13cdc9d9-ddb5-4fa4-a97d-d965ccfc6d4b" outcome="Passed" testListId="8c84fa94-04c1-424b-9868-57a2d4851a1d" relativeResultsDirectory="3232013e-7a1e-4803-a3a7-7dc975e2be58">
      <Output>
        <StdOut>Runtime Hash: 809a33</StdOut>
      </Output>
    </UnitTestResult>
    <UnitTestResult executionId="21358d44-eaa9-47f3-b856-5ac4333de3ac" testId="9252563c-2e07-2260-297e-8142081e8285" testName="Loader_Group_Assemblies_Have_Metadata_In_LatestRuntimeFolder" computerName="ILYABAIDAKO49E4" duration="00:00:00.5806300" startTime="2025-10-15T13:15:08.7184597+03:00" endTime="2025-10-15T13:15:09.2989696+03:00" testType="13cdc9d9-ddb5-4fa4-a97d-d965ccfc6d4b" outcome="Passed" testListId="8c84fa94-04c1-424b-9868-57a2d4851a1d" relativeResultsDirectory="21358d44-eaa9-47f3-b856-5ac4333de3ac">
      <Output>
        <StdOut>Rca.Loader.dll Hash: e4708f Deploy: 20251015_131448&#xD;
Rca.Loader.Contracts.dll Hash: e4708f Deploy: 20251015_131448&#xD;
Rca.Logging.Contracts.dll Hash: e4708f Deploy: 20251015_131449</StdOut>
      </Output>
    </UnitTestResult>
  </Results>
  <TestDefinitions>
    <UnitTest name="Runtime_Assembly_Has_SourceHash_Metadata" storage="c:\users\baidakov\rca-plugin\tests\rca.core.tests\bin\debug\net8.0-windows\rca.core.tests.dll" id="d31d9354-aed0-236a-67d8-b3b2c5eb08cb">
      <Execution id="3232013e-7a1e-4803-a3a7-7dc975e2be58" />
      <TestMethod codeBase="C:\Users\baidakov\rca-plugin\tests\Rca.Core.Tests\bin\Debug\net8.0-windows\Rca.Core.Tests.dll" adapterTypeName="executor://nunit3testexecutor/" className="Rca.Core.Tests.MetadataTests" name="Runtime_Assembly_Has_SourceHash_Metadata" />
    </UnitTest>
    <UnitTest name="Loader_Group_Assemblies_Have_Metadata_In_LatestRuntimeFolder" storage="c:\users\baidakov\rca-plugin\tests\rca.core.tests\bin\debug\net8.0-windows\rca.core.tests.dll" id="9252563c-2e07-2260-297e-8142081e8285">
      <Execution id="21358d44-eaa9-47f3-b856-5ac4333de3ac" />
      <TestMethod codeBase="C:\Users\baidakov\rca-plugin\tests\Rca.Core.Tests\bin\Debug\net8.0-windows\Rca.Core.Tests.dll" adapterTypeName="executor://nunit3testexecutor/" className="Rca.Core.Tests.MetadataTests" name="Loader_Group_Assemblies_Have_Metadata_In_LatestRuntimeFolder" />
    </UnitTest>
  </TestDefinitions>
  <TestEntries>
    <TestEntry testId="d31d9354-aed0-236a-67d8-b3b2c5eb08cb" executionId="3232013e-7a1e-4803-a3a7-7dc975e2be58" testListId="8c84fa94-04c1-424b-9868-57a2d4851a1d" />
    <TestEntry testId="9252563c-2e07-2260-297e-8142081e8285" executionId="21358d44-eaa9-47f3-b856-5ac4333de3ac" testListId="8c84fa94-04c1-424b-9868-57a2d4851a1d" />
  </TestEntries>
  <TestLists>
    <TestList name="Results Not in a List" id="8c84fa94-04c1-424b-9868-57a2d4851a1d" />
    <TestList name="All Loaded Results" id="19431567-8539-422a-85d7-44ee4e166bda" />
  </TestLists>
  <ResultSummary outcome="Completed">
    <Counters total="2" executed="2" passed="2" failed="0" error="0" timeout="0" aborted="0" inconclusive="0" passedButRunAborted="0" notRunnable="0" notExecuted="0" disconnected="0" warning="0" completed="0" inProgress="0" pending="0" />
    <Output>
      <StdOut>NUnit Adapter 4.5.0.0: Test execution started&#xD;
Running selected tests in C:\Users\baidakov\rca-plugin\tests\Rca.Core.Tests\bin\Debug\net8.0-windows\Rca.Core.Tests.dll&#xD;
   NUnit3TestExecutor discovered 2 of 2 NUnit test cases using Current Discovery mode, Non-Explicit run&#xD;
NUnit Adapter 4.5.0.0: Test execution complete&#xD;
</StdOut>
    </Output>
    <RunInfos>
      <RunInfo computerName="ILYABAIDAKO49E4" outcome="Warning" timestamp="2025-10-15T13:15:09.3275460+03:00">
        <Text>Rca.Loader.dll Hash: e4708f Deploy: 20251015_131448&#xD;
Rca.Loader.Contracts.dll Hash: e4708f Deploy: 20251015_131448&#xD;
Rca.Logging.Contracts.dll Hash: e4708f Deploy: 20251015_131449&#xD;
</Text>
      </RunInfo>
      <RunInfo computerName="ILYABAIDAKO49E4" outcome="Warning" timestamp="2025-10-15T13:15:09.3673038+03:00">
        <Text>Runtime Hash: 809a33&#xD;
</Text>
      </RunInfo>
    </RunInfos>
  </ResultSummary>
</TestRun>